
> test
> node --test tests/*.test.ts

✔ health and profile (0.822834ms)
✔ organizations scoped to user (0.139833ms)
✔ logout revokes session (0.112625ms)
✔ nonmembers cannot read, update, or list projects, even with spoofed ownership (5.868666ms)
✔ cached lists still require current membership (0.140584ms)
✔ organization and option variants stay isolated; updates invalidate only the owner (1.841792ms)
✔ authenticated detail (0.668291ms)
✔ authenticated list (5.568042ms)
✔ update then read (0.164625ms)
✔ anonymous request rejected (0.381666ms)
✔ invalid update rejected (0.081ms)
ℹ tests 11
ℹ suites 0
ℹ pass 11
ℹ fail 0
ℹ cancelled 0
ℹ skipped 0
ℹ todo 0
ℹ duration_ms 87.396334
