
> test
> node --test tests/*.test.ts

✔ health and profile (0.725625ms)
✔ organizations scoped to user (0.122916ms)
✔ logout revokes session (0.102458ms)
✔ owning organization controls detail and updates without unauthorized mutations (6.3385ms)
✔ organization switching isolates all list variants and updates invalidate only the owner (1.190416ms)
✔ revoked membership is checked before cache access and updates (0.118291ms)
✔ opaque organization IDs cannot overlap cache invalidation prefixes (0.1705ms)
✔ authenticated detail (0.618833ms)
✔ authenticated list (4.792ms)
✔ update then read (0.124084ms)
✔ anonymous request rejected (0.317208ms)
✔ invalid update rejected (0.067959ms)
ℹ tests 12
ℹ suites 0
ℹ pass 12
ℹ fail 0
ℹ cancelled 0
ℹ skipped 0
ℹ todo 0
ℹ duration_ms 86.295667
