
> test
> node --test tests/*.test.ts

✔ health and profile (0.806958ms)
✔ organizations scoped to user (0.125125ms)
✔ logout revokes session (0.108167ms)
✔ nonmembers cannot read or update projects, even with spoofed ownership (6.09575ms)
✔ list authorization applies before cache access and after membership revocation (0.173708ms)
✔ all list variants are isolated and only the updated organization is invalidated (3.414042ms)
✔ authenticated detail (0.533042ms)
✔ authenticated list (4.852292ms)
✔ update then read (0.119916ms)
✔ anonymous request rejected (0.320041ms)
✔ invalid update rejected (0.067166ms)
ℹ tests 11
ℹ suites 0
ℹ pass 11
ℹ fail 0
ℹ cancelled 0
ℹ skipped 0
ℹ todo 0
ℹ duration_ms 87.350875
