
> test
> node --test tests/*.test.ts

✔ health and profile (0.823291ms)
✔ organizations scoped to user (0.148916ms)
✔ logout revokes session (0.117541ms)
✔ nonmembers cannot read, update, or list projects, including cached lists (6.749875ms)
✔ organization switching isolates all list variants and updates invalidate only the owning organization (1.207792ms)
✔ authenticated detail (0.614084ms)
✔ authenticated list (5.189375ms)
✔ update then read (0.127792ms)
✔ anonymous request rejected (0.3245ms)
✔ invalid update rejected (0.070916ms)
ℹ tests 10
ℹ suites 0
ℹ pass 10
ℹ fail 0
ℹ cancelled 0
ℹ skipped 0
ℹ todo 0
ℹ duration_ms 87.413583
