
> test
> node --test tests/*.test.ts

✔ health and profile (0.805208ms)
✔ organizations scoped to user (0.137084ms)
✔ logout revokes session (0.1125ms)
✔ nonmembers cannot read, update, or list projects, including cached lists (6.7765ms)
✔ organization switches preserve every list option and updates invalidate only the owning organization (1.687334ms)
✔ authenticated detail (0.63425ms)
✔ authenticated list (5.080833ms)
✔ update then read (0.124208ms)
✔ anonymous request rejected (0.334959ms)
✔ invalid update rejected (0.069458ms)
ℹ tests 10
ℹ suites 0
ℹ pass 10
ℹ fail 0
ℹ cancelled 0
ℹ skipped 0
ℹ todo 0
ℹ duration_ms 88.14125
